{
  "$schema": "https://json-schema.org/draft/2020-12/schema",
  "$id": "urn:cosmos:schema:Pet",
  "type": "object",
  "properties": {
    "id": {"type": "integer"},
    "name": {"type": "string"}
  },
  "$defs": {}
}

